// Jest Snapshot v1, https://goo.gl/fbAQLP

exports[`Reporter utils render error highlight source 1`] = `
"  72 |     });
  73 |
> 74 |     const error = new Error('test error');
     |                   ^
  75 |
  76 |     it('highlight source', () => {
  77 |       const err = serializeError(error);"
`;
