// Jest Snapshot v1, https://goo.gl/fbAQLP

exports[`Reporter utils render error highlight source 1`] = `
"  73 |
  74 |     it('highlight source', () => {
> 75 |       const error = new Error('test error');
     |                     ^
  76 |       const err = serializeError(error);
  77 |       expect(stripAnsiCodes(err.source)).toMatchSnapshot();
  78 |     });"
`;
